../Ethernet/src/w5500.c:38:9:w5500_read	24	static
../Ethernet/src/w5500.c:66:6:w5500_write	24	static
../Ethernet/src/w5500.c:91:6:w5500_read_buf	32	static
../Ethernet/src/w5500.c:117:6:w5500_write_buf	32	static
../Ethernet/src/w5500.c:141:10:w5500_get_sn_tx_fsr	32	static
../Ethernet/src/w5500.c:164:10:w5500_get_sn_rx_rsr	32	static
../Ethernet/src/w5500.c:187:6:w5500_send_data	24	static
../Ethernet/src/w5500.c:209:6:w5500_recv_data	24	static
../Ethernet/src/w5500.c:230:6:w5500_recv_ignore	24	static
../Ethernet/src/w5500.c:245:6:w5500_set_mr	16	static
../Ethernet/src/w5500.c:254:9:w5500_get_mr	8	static
../Ethernet/src/w5500.c:263:6:w5500_set_gar	16	static
../Ethernet/src/w5500.c:272:6:w5500_get_gar	16	static
../Ethernet/src/w5500.c:281:6:w5500_set_subr	16	static
../Ethernet/src/w5500.c:290:6:w5500_get_subr	16	static
../Ethernet/src/w5500.c:299:6:w5500_set_shar	16	static
../Ethernet/src/w5500.c:308:6:w5500_get_shar	16	static
../Ethernet/src/w5500.c:317:6:w5500_set_sipr	16	static
../Ethernet/src/w5500.c:326:6:w5500_get_sipr	16	static
../Ethernet/src/w5500.c:335:6:w5500_set_intlevel	16	static
../Ethernet/src/w5500.c:345:10:w5500_get_intlevel	16	static
../Ethernet/src/w5500.c:354:6:w5500_set_ir	16	static
../Ethernet/src/w5500.c:363:9:w5500_get_ir	8	static
../Ethernet/src/w5500.c:372:6:w5500_set_imr	16	static
../Ethernet/src/w5500.c:381:9:w5500_get_imr	8	static
../Ethernet/src/w5500.c:390:6:w5500_set_sir	16	static
../Ethernet/src/w5500.c:399:9:w5500_get_sir	8	static
../Ethernet/src/w5500.c:408:6:w5500_set_simr	16	static
../Ethernet/src/w5500.c:417:9:w5500_get_simr	8	static
../Ethernet/src/w5500.c:426:6:w5500_set_rtr	16	static
../Ethernet/src/w5500.c:436:10:w5500_get_rtr	16	static
../Ethernet/src/w5500.c:445:6:w5500_set_rcr	16	static
../Ethernet/src/w5500.c:454:9:w5500_get_rcr	8	static
../Ethernet/src/w5500.c:463:6:w5500_set_ptimer	16	static
../Ethernet/src/w5500.c:472:9:w5500_get_ptimer	8	static
../Ethernet/src/w5500.c:481:6:w5500_set_pmagic	16	static
../Ethernet/src/w5500.c:490:9:w5500_get_pmagic	8	static
../Ethernet/src/w5500.c:499:6:w5500_set_phar	16	static
../Ethernet/src/w5500.c:508:6:w5500_get_phar	16	static
../Ethernet/src/w5500.c:517:6:w5500_set_psid	16	static
../Ethernet/src/w5500.c:527:10:w5500_get_psid	16	static
../Ethernet/src/w5500.c:536:6:w5500_set_pmru	16	static
../Ethernet/src/w5500.c:546:10:w5500_get_pmru	16	static
../Ethernet/src/w5500.c:555:9:w5500_get_uipr	8	static
../Ethernet/src/w5500.c:564:9:w5500_get_uportr	8	static
../Ethernet/src/w5500.c:573:6:w5500_set_phycfgr	16	static
../Ethernet/src/w5500.c:582:9:w5500_get_phycfgr	8	static
../Ethernet/src/w5500.c:591:9:w5500_get_version	8	static
../Ethernet/src/w5500.c:603:6:w5500_set_sn_mr	16	static
../Ethernet/src/w5500.c:613:9:w5500_get_sn_mr	16	static
../Ethernet/src/w5500.c:623:6:w5500_set_sn_cr	16	static
../Ethernet/src/w5500.c:633:9:w5500_get_sn_cr	16	static
../Ethernet/src/w5500.c:643:6:w5500_set_sn_ir	16	static
../Ethernet/src/w5500.c:653:9:w5500_get_sn_ir	16	static
../Ethernet/src/w5500.c:663:6:w5500_set_sn_imr	16	static
../Ethernet/src/w5500.c:673:9:w5500_get_sn_imr	16	static
../Ethernet/src/w5500.c:683:9:w5500_get_sn_sr	16	static
../Ethernet/src/w5500.c:693:6:w5500_set_sn_port	16	static
../Ethernet/src/w5500.c:704:10:w5500_get_sn_port	24	static
../Ethernet/src/w5500.c:714:6:w5500_set_sn_dhar	16	static
../Ethernet/src/w5500.c:724:6:w5500_get_sn_dhar	16	static
../Ethernet/src/w5500.c:734:6:w5500_set_sn_dipr	16	static
../Ethernet/src/w5500.c:744:6:w5500_get_sn_dipr	16	static
../Ethernet/src/w5500.c:754:6:w5500_set_sn_dport	16	static
../Ethernet/src/w5500.c:765:10:w5500_get_sn_dport	24	static
../Ethernet/src/w5500.c:776:6:w5500_set_sn_mssr	16	static
../Ethernet/src/w5500.c:787:10:w5500_get_sn_mssr	24	static
../Ethernet/src/w5500.c:797:6:w5500_set_sn_tos	16	static
../Ethernet/src/w5500.c:807:9:w5500_get_sn_tos	16	static
../Ethernet/src/w5500.c:817:6:w5500_set_sn_ttl	16	static
../Ethernet/src/w5500.c:827:9:w5500_get_sn_ttl	16	static
../Ethernet/src/w5500.c:837:6:w5500_set_sn_rxbuf_size	16	static
../Ethernet/src/w5500.c:847:9:w5500_get_sn_rxbuf_size	16	static
../Ethernet/src/w5500.c:857:6:w5500_set_sn_txbuf_size	16	static
../Ethernet/src/w5500.c:867:9:w5500_get_sn_txbuf_size	16	static
../Ethernet/src/w5500.c:877:10:w5500_get_tx_rd	24	static
../Ethernet/src/w5500.c:888:6:w5500_set_tx_wr	16	static
../Ethernet/src/w5500.c:899:10:w5500_get_tx_wr	24	static
../Ethernet/src/w5500.c:910:6:w5500_set_rx_rd	16	static
../Ethernet/src/w5500.c:921:10:w5500_get_rx_rd	24	static
../Ethernet/src/w5500.c:932:10:w5500_get_rx_wr	24	static
../Ethernet/src/w5500.c:943:6:w5500_set_frag	16	static
../Ethernet/src/w5500.c:954:10:w5500_get_frag	24	static
../Ethernet/src/w5500.c:964:6:w5500_set_sn_kpalvtr	16	static
../Ethernet/src/w5500.c:974:9:w5500_get_sn_kpalvtr	16	static
../Ethernet/src/w5500.c:985:10:w5500_get_sn_rx_max	16	static
../Ethernet/src/w5500.c:995:10:w5500_get_sn_tx_max	16	static
../Ethernet/src/w5500.c:1004:6:w5500_sw_reset	32	static
../Ethernet/src/w5500.c:1028:6:w5500_init	24	static
../Ethernet/src/w5500.c:1043:6:w5500_clear_interrupt	24	static
../Ethernet/src/w5500.c:1062:19:w5500_get_interrupt	16	static
../Ethernet/src/w5500.c:1081:6:w5500_set_interrupt_mask	24	static
../Ethernet/src/w5500.c:1094:19:w5500_get_interrupt_mask	16	static
../Ethernet/src/w5500.c:1113:8:w5500_get_phylink	16	static
../Ethernet/src/w5500.c:1129:8:w5500_get_phymode	16	static
../Ethernet/src/w5500.c:1148:6:w5500_phy_reset	16	static
../Ethernet/src/w5500.c:1164:6:w5500_set_phyconf	24	static
../Ethernet/src/w5500.c:1212:6:w5500_get_phyconf	24	static
../Ethernet/src/w5500.c:1244:6:w5500_get_phystat	24	static
../Ethernet/src/w5500.c:1258:8:w5500_set_phypmode	24	static
../Ethernet/src/w5500.c:1300:6:w5500_set_netinfo	16	static
../Ethernet/src/w5500.c:1317:6:w5500_get_netinfo	16	static
../Ethernet/src/w5500.c:1335:8:w5500_set_netmode	24	static
../Ethernet/src/w5500.c:1354:17:w5500_get_netmode	8	static
../Ethernet/src/w5500.c:1363:6:w5500_set_timeout	16	static
../Ethernet/src/w5500.c:1373:6:w5500__get_timeout	16	static
