../Core/Src/freertos.c:307:6:MX_FREERTOS_Init	16	static
../Core/Src/freertos.c:409:6:Default_Task	16	static
../Core/Src/freertos.c:427:6:W5500_Task	64	static
../Core/Src/freertos.c:524:6:SdCard_Task	64	static
../Core/Src/freertos.c:676:6:AudioMixing_Task	56	static
../Core/Src/freertos.c:781:6:ProcessIO_Task	48	static
../Core/Src/freertos.c:917:6:Watchdog_Task	16	static
../Core/Src/freertos.c:939:6:CallLedCallback	16	static
../Core/Src/freertos.c:948:6:HAL_GPIO_EXTI_Callback	32	static
../Core/Src/freertos.c:1012:6:HAL_SAI_TxHalfCpltCallback	24	static
../Core/Src/freertos.c:1022:6:HAL_SAI_TxCpltCallback	24	static
../Core/Src/freertos.c:1032:6:HAL_SAI_RxHalfCpltCallback	32	static
../Core/Src/freertos.c:1050:6:HAL_SAI_RxCpltCallback	32	static
../Core/Src/freertos.c:1064:6:device_delay_ms	16	static
../Core/Src/freertos.c:1069:6:ethernet_delay	16	static
../Core/Src/freertos.c:1074:6:timer_call_start	8	static
../Core/Src/freertos.c:1079:6:timer_call_stop	8	static
../Core/Src/freertos.c:1084:16:all_tasks_alive	16	static
