../Core/Src/freertos.c:287:6:MX_FREERTOS_Init	16	static
../Core/Src/freertos.c:386:6:Default_Task	16	static
../Core/Src/freertos.c:404:6:W5500_Task	64	static
../Core/Src/freertos.c:501:6:SdCard_Task	64	static
../Core/Src/freertos.c:639:6:AudioMixing_Task	56	static
../Core/Src/freertos.c:744:6:ProcessIO_Task	48	static
../Core/Src/freertos.c:880:6:Watchdog_Task	16	static
../Core/Src/freertos.c:902:6:CallLedCallback	16	static
../Core/Src/freertos.c:911:6:HAL_GPIO_EXTI_Callback	32	static
../Core/Src/freertos.c:975:6:HAL_SAI_TxHalfCpltCallback	24	static
../Core/Src/freertos.c:985:6:HAL_SAI_TxCpltCallback	24	static
../Core/Src/freertos.c:995:6:HAL_SAI_RxHalfCpltCallback	32	static
../Core/Src/freertos.c:1013:6:HAL_SAI_RxCpltCallback	32	static
../Core/Src/freertos.c:1027:6:device_delay_ms	16	static
../Core/Src/freertos.c:1032:6:ethernet_delay	16	static
../Core/Src/freertos.c:1037:6:timer_call_start	8	static
../Core/Src/freertos.c:1042:6:timer_call_stop	8	static
../Core/Src/freertos.c:1047:16:all_tasks_alive	16	static
