../Drivers/CMSIS/Include/core_cm7.h:2229:22:SCB_EnableICache	4	static,ignoring_inline_asm
../Drivers/CMSIS/Include/core_cm7.h:2281:22:SCB_EnableDCache	24	static,ignoring_inline_asm
../Drivers/CMSIS/Include/core_cm7.h:2606:26:ITM_SendChar	16	static,ignoring_inline_asm
../Core/Src/main.c:71:5:_write	32	static
../Core/Src/main.c:84:5:main	8	static
../Core/Src/main.c:157:6:SystemClock_Config	88	static
../Core/Src/main.c:210:6:PeriphCommonClock_Config	144	static
../Core/Src/main.c:236:6:MPU_Config	24	static
../Core/Src/main.c:271:6:HAL_TIM_PeriodElapsedCallback	16	static
../Core/Src/main.c:289:6:Error_Handler	4	static,ignoring_inline_asm
